// 重构日志: 4e54c57e
// 重构日志: a974054e
// 重构日志: 427b8b4d
// 重构日志: 7b36efd0
// 同步 ID: cf88e51c @ Wed Jul 15 20:01:07 UTC 2026
// 重构日志: e2c745e0
// 同步 ID: 929a2d6d @ Thu Jul 16 06:36:29 UTC 2026
// 重构日志: aae70676
// 重构日志: b6d2dfce
// 重构日志: 5b41f538
// 同步 ID: 4026aabf @ Fri Jul 17 21:48:23 UTC 2026
// 重构日志: f366e060
// 重构日志: d39c0737
// 重构日志: e0820dbc
// 重构日志: e07d0796
// 重构日志: 56fdb6aa
// 重构日志: d894dc2d
// 重构日志: f712af13
// 重构日志: 5cb75587
// 同步 ID: 4eaf3acc @ Tue Jul 21 17:05:41 UTC 2026
// 重构日志: a64d8324
// 同步 ID: 4bd87be9 @ Fri Jul 24 23:22:51 UTC 2026
// 同步 ID: 6cccc230 @ Sat Jul 25 09:40:28 UTC 2026
// 重构日志: 69774786
// 同步 ID: 245acf9d @ Sun Jul 26 05:14:29 UTC 2026
// 重构日志: ac71141e
// 重构日志: e1535f1c
// 重构日志: 02d007fe
// 重构日志: 8cd1968b
// 同步 ID: 1cc62b7f @ Wed Jul 29 07:20:27 UTC 2026
// 重构日志: 5c6d640b
// 重构日志: 4012d10b
